<html>
<body>
<pre>
<h1>µVision Build Log</h1>
<h2>Tool Versions:</h2>
IDE-Version: •ÏVision V5.31.0.0
Copyright (C) 2020 ARM Ltd and ARM Germany GmbH. All rights reserved.
License Information: UKC UKC, UKC, LIC=----
 
Tool Versions:
Toolchain:       MDK-Lite  Version: 5.31.0.0
Toolchain Path:  D:\Keil_v5\ARM\ARMCC\Bin
C Compiler:      Armcc.exe V5.06 update 6 (build 750)
Assembler:       Armasm.exe V5.06 update 6 (build 750)
Linker/Locator:  ArmLink.exe V5.06 update 6 (build 750)
Library Manager: ArmAr.exe V5.06 update 6 (build 750)
Hex Converter:   FromElf.exe V5.06 update 6 (build 750)
CPU DLL:         SARMCM3.DLL V5.31.0.0
Dialog DLL:      DCM.DLL V1.17.3.0
Target DLL:      STLink\ST-LINKIII-KEIL_SWO.dll V3.0.7.0
Dialog DLL:      TCM.DLL V1.46.0.0
 
<h2>Project:</h2>
C:\Users\UKC\Documents\Git\RTOS_L476\RTOS_L476\MDK-ARM\RTOS_L476.uvprojx
Project File Date:  11/23/2020

<h2>Output:</h2>
*** Using Compiler 'V5.06 update 6 (build 750)', folder: 'D:\Keil_v5\ARM\ARMCC\Bin'
Build target 'RTOS_L476'
compiling main.c...
../Src/main.c(60): warning:  #177-D: variable "data"  was declared but never referenced
  	char data[] = "Task 1\r\n";
../Src/main.c(71): warning:  #177-D: variable "data"  was declared but never referenced
  		char data[] = "Task 2\r\n";
../Src/main.c(175): warning:  #167-D: argument of type "void (*)()" is incompatible with parameter of type "TaskFunction_t"
  	xTaskCreate(RTOS_Task1, "Task 1", configMINIMAL_STACK_SIZE, NULL, 1, NULL);
../Src/main.c(176): warning:  #167-D: argument of type "void (*)()" is incompatible with parameter of type "TaskFunction_t"
  	xTaskCreate(RTOS_Task2, "Task 2", configMINIMAL_STACK_SIZE, NULL, 1, NULL);
../Src/main.c(177): warning:  #167-D: argument of type "void (*)()" is incompatible with parameter of type "TaskFunction_t"
  	xTaskCreate(Uart_Task, "Uart_Task", configMINIMAL_STACK_SIZE, NULL, 1, NULL);
../Src/main.c: 5 warnings, 0 errors
linking...
Program Size: Code=11212 RO-data=536 RW-data=116 ZI-data=5052  
FromELF: creating hex file...
"RTOS_L476\RTOS_L476.axf" - 0 Error(s), 5 Warning(s).

<h2>Software Packages used:</h2>

Package Vendor: ARM
                http://www.keil.com/pack/ARM.CMSIS.5.7.0.pack
                ARM.CMSIS.5.7.0
                CMSIS (Cortex Microcontroller Software Interface Standard)
   * Component: CORE Version: 5.4.0

Package Vendor: Keil
                http://www.keil.com/pack/Keil.STM32L4xx_DFP.2.4.0.pack
                Keil.STM32L4xx_DFP.2.4.0
                STMicroelectronics STM32L4 Series Device Support, Drivers and Examples

<h2>Collection of Component include folders:</h2>
  .\RTE\_RTOS_L476
  C:\Users\UKC\AppData\Local\Arm\Packs\ARM\CMSIS\5.7.0\CMSIS\Core\Include
  C:\Users\UKC\AppData\Local\Arm\Packs\Keil\STM32L4xx_DFP\2.4.0\Drivers\CMSIS\Device\ST\STM32L4xx\Include

<h2>Collection of Component Files used:</h2>

   * Component: ARM::CMSIS:CORE:5.4.0
Build Time Elapsed:  00:00:02
</pre>
</body>
</html>
